CCS PCM C Compiler, Version 5.007, 61971               26-Oct-20 19:39

               Filename:   C:\Users\sheep\Desktop\micro_week3\microweek3.lst

               ROM used:   85 words (1%)
                           Largest free fragment is 2048
               RAM used:   7 (2%) at main() level
                           8 (2%) worst case
               Stack used: 0 locations
               Stack size: 8

*
0000:  MOVLW  00
0001:  MOVWF  0A
0002:  GOTO   01A
0003:  NOP
.................... #include <microweek3.h> 
.................... #include <16F877A.h> 
.................... //////// Standard Header file for the PIC16F877A device //////////////// 
.................... #device PIC16F877A 
....................  
.................... #list 
....................  
.................... #device ADC=16 
....................  
.................... #FUSES NOWDT                 	//No Watch Dog Timer 
.................... #FUSES NOBROWNOUT            	//No brownout reset 
.................... #FUSES NOLVP                 	//No low voltage prgming, B3(PIC16) or B5(PIC18) used for I/O 
....................  
.................... #use delay(crystal=20000000) 
0004:  MOVLW  22
0005:  MOVWF  04
0006:  BCF    03.7
0007:  MOVF   00,W
0008:  BTFSC  03.2
0009:  GOTO   017
000A:  MOVLW  06
000B:  MOVWF  78
000C:  CLRF   77
000D:  DECFSZ 77,F
000E:  GOTO   00D
000F:  DECFSZ 78,F
0010:  GOTO   00C
0011:  MOVLW  7B
0012:  MOVWF  77
0013:  DECFSZ 77,F
0014:  GOTO   013
0015:  DECFSZ 00,F
0016:  GOTO   00A
0017:  BCF    0A.3
0018:  BCF    0A.4
0019:  GOTO   049 (RETURN)
....................  
....................  
.................... /* 
.................... Ramazan Degirmenci 21856255 
.................... **/ 
.................... #use fast_io(a) 
.................... #use fast_io(d) 
.................... #use fast_io(c) 
.................... int button=0; 
.................... void main() 
001A:  CLRF   20
001B:  BSF    03.5
001C:  BSF    1F.0
001D:  BSF    1F.1
001E:  BSF    1F.2
001F:  BCF    1F.3
0020:  MOVLW  07
0021:  MOVWF  1C
0022:  BCF    03.7
0023:  MOVLW  1F
0024:  ANDWF  03,F
.................... { 
.................... setup_psp(PSP_DISABLED); 
0025:  BCF    09.4
.................... setup_spi(SPI_SS_DISABLED); 
0026:  BCF    03.5
0027:  BCF    14.5
0028:  MOVLW  01
0029:  MOVWF  14
002A:  MOVLW  00
002B:  BSF    03.5
002C:  MOVWF  14
.................... setup_timer_1(T1_DISABLED);  
002D:  BCF    03.5
002E:  CLRF   10
.................... setup_timer_2(T2_DISABLED,0,1); 
002F:  MOVWF  78
0030:  MOVWF  12
0031:  MOVLW  00
0032:  BSF    03.5
0033:  MOVWF  12
.................... setup_adc(ADC_OFF); 
0034:  BCF    03.5
0035:  BCF    1F.0
.................... setup_ccp1(CCP_OFF);  
0036:  MOVLW  F0
0037:  ANDWF  17,F
.................... setup_ccp2(CCP_OFF); 
0038:  ANDWF  1D,F
.................... set_tris_c(0x00); 
0039:  MOVLW  00
003A:  BSF    03.5
003B:  MOVWF  07
.................... set_tris_d(0x00); 
003C:  MOVWF  08
.................... set_tris_a(0x00000001); 
003D:  MOVLW  01
003E:  MOVWF  05
.................... output_c(0x00); 
003F:  BCF    03.5
0040:  CLRF   07
.................... output_d(0x00); 
0041:  CLRF   08
....................    while(TRUE) 
....................    { 
....................       output_toggle(pin_d5); 
0042:  MOVLW  20
0043:  XORWF  08,F
....................       delay_ms(500); 
0044:  MOVLW  02
0045:  MOVWF  21
0046:  MOVLW  FA
0047:  MOVWF  22
0048:  GOTO   004
0049:  DECFSZ 21,F
004A:  GOTO   046
....................       button=input(pin_a0); 
004B:  CLRF   20
004C:  BTFSC  05.0
004D:  INCF   20,F
....................       if(button==1) 
004E:  DECFSZ 20,W
004F:  GOTO   052
....................       { 
....................         output_high(pin_c3); 
0050:  BSF    07.3
....................       } 
0051:  GOTO   053
....................       else 
....................       { 
....................       output_low(pin_c3); 
0052:  BCF    07.3
....................       }  
0053:  GOTO   042
....................    } 
....................  
.................... } 
0054:  SLEEP

Configuration Fuses:
   Word  1: 3F32   HS NOWDT PUT NOBROWNOUT NOLVP NOCPD NOWRT NODEBUG NOPROTECT
